<soap:Envelope xmlns:soap="http://schemas.xmlsoap.org/soap/envelope/"><soap:Body><soap:Fault><faultcode>soap:Client</faultcode><faultstring>Unmarshalling Error: For input string: "n" </faultstring></soap:Fault></soap:Body></soap:Envelope>